waveform	Source signal	
t0	2024/10/13  09:39:09.970031	
delta t	5.000000E-5	

time[0]	Source signal
2024/10/13  09:39:09.970031	1.969007E+0
2024/10/13  09:39:09.970081	1.969007E+0
2024/10/13  09:39:09.970131	2.054409E+0
2024/10/13  09:39:09.970181	2.054409E+0
2024/10/13  09:39:09.970231	2.054409E+0
2024/10/13  09:39:09.970281	2.054409E+0
2024/10/13  09:39:09.970331	1.969007E+0
2024/10/13  09:39:09.970381	2.054409E+0
2024/10/13  09:39:09.970431	2.054409E+0
2024/10/13  09:39:09.970481	1.969007E+0
2024/10/13  09:39:09.970531	1.969007E+0
2024/10/13  09:39:09.970581	1.969007E+0
2024/10/13  09:39:09.970631	1.969007E+0
2024/10/13  09:39:09.970681	1.969007E+0
2024/10/13  09:39:09.970731	1.969007E+0
2024/10/13  09:39:09.970781	1.883605E+0
2024/10/13  09:39:09.970831	1.883605E+0
2024/10/13  09:39:09.970881	1.883605E+0
2024/10/13  09:39:09.970931	1.883605E+0
2024/10/13  09:39:09.970981	1.712801E+0
2024/10/13  09:39:09.971031	1.712801E+0
2024/10/13  09:39:09.971081	1.712801E+0
2024/10/13  09:39:09.971131	1.712801E+0
2024/10/13  09:39:09.971181	1.627399E+0
2024/10/13  09:39:09.971231	1.627399E+0
2024/10/13  09:39:09.971281	1.541997E+0
2024/10/13  09:39:09.971331	1.541997E+0
2024/10/13  09:39:09.971381	1.456595E+0
2024/10/13  09:39:09.971431	1.456595E+0
2024/10/13  09:39:09.971481	1.371193E+0
2024/10/13  09:39:09.971531	1.371193E+0
2024/10/13  09:39:09.971581	1.285791E+0
2024/10/13  09:39:09.971631	1.285791E+0
2024/10/13  09:39:09.971681	1.200389E+0
2024/10/13  09:39:09.971731	1.200389E+0
2024/10/13  09:39:09.971781	1.029585E+0
2024/10/13  09:39:09.971831	1.029585E+0
2024/10/13  09:39:09.971881	1.029585E+0
2024/10/13  09:39:09.971931	9.441829E-1
2024/10/13  09:39:09.971981	8.587809E-1
2024/10/13  09:39:09.972031	8.587809E-1
2024/10/13  09:39:09.972081	6.879769E-1
2024/10/13  09:39:09.972131	6.879769E-1
2024/10/13  09:39:09.972181	6.025749E-1
2024/10/13  09:39:09.972231	6.025749E-1
2024/10/13  09:39:09.972281	5.171729E-1
2024/10/13  09:39:09.972331	5.171729E-1
2024/10/13  09:39:09.972381	3.463689E-1
2024/10/13  09:39:09.972431	3.463689E-1
2024/10/13  09:39:09.972481	2.609669E-1
2024/10/13  09:39:09.972531	2.609669E-1
2024/10/13  09:39:09.972581	1.755649E-1
2024/10/13  09:39:09.972631	9.016293E-2
2024/10/13  09:39:09.972681	4.760937E-3
2024/10/13  09:39:09.972731	4.760937E-3
2024/10/13  09:39:09.972781	-8.064106E-2
2024/10/13  09:39:09.972831	-8.064106E-2
2024/10/13  09:39:09.972881	-1.660431E-1
2024/10/13  09:39:09.972931	-2.514451E-1
2024/10/13  09:39:09.972981	-4.222490E-1
2024/10/13  09:39:09.973031	-4.222490E-1
2024/10/13  09:39:09.973081	-5.076510E-1
2024/10/13  09:39:09.973131	-5.076510E-1
2024/10/13  09:39:09.973181	-6.784550E-1
2024/10/13  09:39:09.973231	-5.930530E-1
2024/10/13  09:39:09.973281	-7.638570E-1
2024/10/13  09:39:09.973331	-6.784550E-1
2024/10/13  09:39:09.973381	-8.492590E-1
2024/10/13  09:39:09.973431	-8.492590E-1
2024/10/13  09:39:09.973481	-1.020063E+0
2024/10/13  09:39:09.973531	-1.020063E+0
2024/10/13  09:39:09.973581	-1.020063E+0
2024/10/13  09:39:09.973631	-1.105465E+0
2024/10/13  09:39:09.973681	-1.190867E+0
2024/10/13  09:39:09.973731	-1.105465E+0
2024/10/13  09:39:09.973781	-1.276269E+0
2024/10/13  09:39:09.973831	-1.276269E+0
2024/10/13  09:39:09.973881	-1.361671E+0
2024/10/13  09:39:09.973931	-1.361671E+0
2024/10/13  09:39:09.973981	-1.447073E+0
2024/10/13  09:39:09.974031	-1.447073E+0
2024/10/13  09:39:09.974081	-1.532475E+0
2024/10/13  09:39:09.974131	-1.532475E+0
2024/10/13  09:39:09.974181	-1.617877E+0
2024/10/13  09:39:09.974231	-1.617877E+0
2024/10/13  09:39:09.974281	-1.703279E+0
2024/10/13  09:39:09.974331	-1.703279E+0
2024/10/13  09:39:09.974381	-1.703279E+0
2024/10/13  09:39:09.974431	-1.788681E+0
2024/10/13  09:39:09.974481	-1.788681E+0
2024/10/13  09:39:09.974531	-1.788681E+0
2024/10/13  09:39:09.974581	-1.874083E+0
2024/10/13  09:39:09.974631	-1.874083E+0
2024/10/13  09:39:09.974681	-1.874083E+0
2024/10/13  09:39:09.974731	-1.874083E+0
2024/10/13  09:39:09.974781	-1.874083E+0
2024/10/13  09:39:09.974831	-1.874083E+0
2024/10/13  09:39:09.974881	-1.874083E+0
2024/10/13  09:39:09.974931	-1.959485E+0
2024/10/13  09:39:09.974981	-1.959485E+0
2024/10/13  09:39:09.975031	-2.044887E+0
2024/10/13  09:39:09.975081	-1.959485E+0
2024/10/13  09:39:09.975131	-2.044887E+0
2024/10/13  09:39:09.975181	-1.959485E+0
2024/10/13  09:39:09.975231	-2.044887E+0
2024/10/13  09:39:09.975281	-2.044887E+0
2024/10/13  09:39:09.975331	-2.044887E+0
2024/10/13  09:39:09.975381	-1.959485E+0
2024/10/13  09:39:09.975431	-1.959485E+0
2024/10/13  09:39:09.975481	-1.959485E+0
2024/10/13  09:39:09.975531	-1.959485E+0
2024/10/13  09:39:09.975581	-1.874083E+0
2024/10/13  09:39:09.975631	-1.959485E+0
2024/10/13  09:39:09.975681	-1.874083E+0
2024/10/13  09:39:09.975731	-1.874083E+0
2024/10/13  09:39:09.975781	-1.874083E+0
2024/10/13  09:39:09.975831	-1.874083E+0
2024/10/13  09:39:09.975881	-1.874083E+0
2024/10/13  09:39:09.975931	-1.788681E+0
2024/10/13  09:39:09.975981	-1.703279E+0
2024/10/13  09:39:09.976031	-1.703279E+0
2024/10/13  09:39:09.976081	-1.703279E+0
2024/10/13  09:39:09.976131	-1.703279E+0
2024/10/13  09:39:09.976181	-1.617877E+0
2024/10/13  09:39:09.976231	-1.617877E+0
2024/10/13  09:39:09.976281	-1.532475E+0
2024/10/13  09:39:09.976331	-1.447073E+0
2024/10/13  09:39:09.976381	-1.447073E+0
2024/10/13  09:39:09.976431	-1.447073E+0
2024/10/13  09:39:09.976481	-1.361671E+0
2024/10/13  09:39:09.976531	-1.361671E+0
2024/10/13  09:39:09.976581	-1.276269E+0
2024/10/13  09:39:09.976631	-1.276269E+0
2024/10/13  09:39:09.976681	-1.190867E+0
2024/10/13  09:39:09.976731	-1.190867E+0
2024/10/13  09:39:09.976781	-1.105465E+0
2024/10/13  09:39:09.976831	-1.020063E+0
2024/10/13  09:39:09.976881	-9.346610E-1
2024/10/13  09:39:09.976931	-1.020063E+0
2024/10/13  09:39:09.976981	-7.638570E-1
2024/10/13  09:39:09.977031	-8.492590E-1
2024/10/13  09:39:09.977081	-6.784550E-1
2024/10/13  09:39:09.977131	-6.784550E-1
2024/10/13  09:39:09.977181	-5.930530E-1
2024/10/13  09:39:09.977231	-5.930530E-1
2024/10/13  09:39:09.977281	-5.076510E-1
2024/10/13  09:39:09.977331	-5.076510E-1
2024/10/13  09:39:09.977381	-4.222490E-1
2024/10/13  09:39:09.977431	-3.368471E-1
2024/10/13  09:39:09.977481	-2.514451E-1
2024/10/13  09:39:09.977531	-2.514451E-1
2024/10/13  09:39:09.977581	-1.660431E-1
2024/10/13  09:39:09.977631	-8.064106E-2
2024/10/13  09:39:09.977681	4.760937E-3
2024/10/13  09:39:09.977731	4.760937E-3
2024/10/13  09:39:09.977781	1.755649E-1
2024/10/13  09:39:09.977831	1.755649E-1
2024/10/13  09:39:09.977881	2.609669E-1
2024/10/13  09:39:09.977931	2.609669E-1
2024/10/13  09:39:09.977981	3.463689E-1
2024/10/13  09:39:09.978031	3.463689E-1
2024/10/13  09:39:09.978081	4.317709E-1
2024/10/13  09:39:09.978131	5.171729E-1
2024/10/13  09:39:09.978181	6.879769E-1
2024/10/13  09:39:09.978231	6.025749E-1
2024/10/13  09:39:09.978281	6.879769E-1
2024/10/13  09:39:09.978331	7.733789E-1
2024/10/13  09:39:09.978381	8.587809E-1
2024/10/13  09:39:09.978431	8.587809E-1
2024/10/13  09:39:09.978481	9.441829E-1
2024/10/13  09:39:09.978531	9.441829E-1
2024/10/13  09:39:09.978581	1.029585E+0
2024/10/13  09:39:09.978631	1.114987E+0
2024/10/13  09:39:09.978681	1.200389E+0
2024/10/13  09:39:09.978731	1.200389E+0
2024/10/13  09:39:09.978781	1.285791E+0
2024/10/13  09:39:09.978831	1.285791E+0
2024/10/13  09:39:09.978881	1.371193E+0
2024/10/13  09:39:09.978931	1.371193E+0
2024/10/13  09:39:09.978981	1.456595E+0
2024/10/13  09:39:09.979031	1.541997E+0
2024/10/13  09:39:09.979081	1.541997E+0
2024/10/13  09:39:09.979131	1.541997E+0
2024/10/13  09:39:09.979181	1.627399E+0
2024/10/13  09:39:09.979231	1.627399E+0
2024/10/13  09:39:09.979281	1.712801E+0
2024/10/13  09:39:09.979331	1.712801E+0
2024/10/13  09:39:09.979381	1.712801E+0
2024/10/13  09:39:09.979431	1.712801E+0
2024/10/13  09:39:09.979481	1.883605E+0
2024/10/13  09:39:09.979531	1.883605E+0
2024/10/13  09:39:09.979581	1.883605E+0
2024/10/13  09:39:09.979631	1.883605E+0
2024/10/13  09:39:09.979681	1.969007E+0
2024/10/13  09:39:09.979731	1.969007E+0
2024/10/13  09:39:09.979781	1.969007E+0
2024/10/13  09:39:09.979831	1.969007E+0
2024/10/13  09:39:09.979881	1.969007E+0
2024/10/13  09:39:09.979931	1.969007E+0
2024/10/13  09:39:09.979981	1.969007E+0
2024/10/13  09:39:09.980031	2.054409E+0
2024/10/13  09:39:09.980081	1.969007E+0
2024/10/13  09:39:09.980131	2.054409E+0
2024/10/13  09:39:09.980181	1.969007E+0
2024/10/13  09:39:09.980231	1.969007E+0
2024/10/13  09:39:09.980281	2.054409E+0
2024/10/13  09:39:09.980331	2.054409E+0
2024/10/13  09:39:09.980381	1.969007E+0
2024/10/13  09:39:09.980431	1.969007E+0
2024/10/13  09:39:09.980481	1.969007E+0
2024/10/13  09:39:09.980531	1.969007E+0
2024/10/13  09:39:09.980581	1.969007E+0
2024/10/13  09:39:09.980631	1.969007E+0
2024/10/13  09:39:09.980681	1.883605E+0
2024/10/13  09:39:09.980731	1.969007E+0
2024/10/13  09:39:09.980781	1.883605E+0
2024/10/13  09:39:09.980831	1.883605E+0
2024/10/13  09:39:09.980881	1.883605E+0
2024/10/13  09:39:09.980931	1.883605E+0
2024/10/13  09:39:09.980981	1.712801E+0
2024/10/13  09:39:09.981031	1.712801E+0
2024/10/13  09:39:09.981081	1.712801E+0
2024/10/13  09:39:09.981131	1.712801E+0
2024/10/13  09:39:09.981181	1.627399E+0
2024/10/13  09:39:09.981231	1.627399E+0
2024/10/13  09:39:09.981281	1.541997E+0
2024/10/13  09:39:09.981331	1.541997E+0
2024/10/13  09:39:09.981381	1.456595E+0
2024/10/13  09:39:09.981431	1.456595E+0
2024/10/13  09:39:09.981481	1.371193E+0
2024/10/13  09:39:09.981531	1.371193E+0
2024/10/13  09:39:09.981581	1.285791E+0
2024/10/13  09:39:09.981631	1.285791E+0
2024/10/13  09:39:09.981681	1.200389E+0
2024/10/13  09:39:09.981731	1.200389E+0
2024/10/13  09:39:09.981781	1.029585E+0
2024/10/13  09:39:09.981831	1.029585E+0
2024/10/13  09:39:09.981881	9.441829E-1
2024/10/13  09:39:09.981931	9.441829E-1
2024/10/13  09:39:09.981981	8.587809E-1
2024/10/13  09:39:09.982031	8.587809E-1
2024/10/13  09:39:09.982081	7.733789E-1
2024/10/13  09:39:09.982131	6.879769E-1
2024/10/13  09:39:09.982181	6.025749E-1
2024/10/13  09:39:09.982231	6.025749E-1
2024/10/13  09:39:09.982281	5.171729E-1
2024/10/13  09:39:09.982331	5.171729E-1
2024/10/13  09:39:09.982381	3.463689E-1
2024/10/13  09:39:09.982431	3.463689E-1
2024/10/13  09:39:09.982481	2.609669E-1
2024/10/13  09:39:09.982531	2.609669E-1
2024/10/13  09:39:09.982581	9.016293E-2
2024/10/13  09:39:09.982631	1.755649E-1
2024/10/13  09:39:09.982681	4.760937E-3
2024/10/13  09:39:09.982731	4.760937E-3
2024/10/13  09:39:09.982781	-1.660431E-1
2024/10/13  09:39:09.982831	-8.064106E-2
2024/10/13  09:39:09.982881	-2.514451E-1
2024/10/13  09:39:09.982931	-2.514451E-1
2024/10/13  09:39:09.982981	-4.222490E-1
2024/10/13  09:39:09.983031	-4.222490E-1
2024/10/13  09:39:09.983081	-5.076510E-1
2024/10/13  09:39:09.983131	-5.076510E-1
2024/10/13  09:39:09.983181	-5.930530E-1
2024/10/13  09:39:09.983231	-5.930530E-1
2024/10/13  09:39:09.983281	-6.784550E-1
2024/10/13  09:39:09.983331	-7.638570E-1
2024/10/13  09:39:09.983381	-8.492590E-1
2024/10/13  09:39:09.983431	-8.492590E-1
2024/10/13  09:39:09.983481	-9.346610E-1
2024/10/13  09:39:09.983531	-9.346610E-1
2024/10/13  09:39:09.983581	-1.105465E+0
2024/10/13  09:39:09.983631	-1.020063E+0
2024/10/13  09:39:09.983681	-1.190867E+0
2024/10/13  09:39:09.983731	-1.190867E+0
2024/10/13  09:39:09.983781	-1.276269E+0
2024/10/13  09:39:09.983831	-1.276269E+0
2024/10/13  09:39:09.983881	-1.361671E+0
2024/10/13  09:39:09.983931	-1.361671E+0
2024/10/13  09:39:09.983981	-1.447073E+0
2024/10/13  09:39:09.984031	-1.447073E+0
2024/10/13  09:39:09.984081	-1.532475E+0
2024/10/13  09:39:09.984131	-1.532475E+0
2024/10/13  09:39:09.984181	-1.617877E+0
2024/10/13  09:39:09.984231	-1.617877E+0
2024/10/13  09:39:09.984281	-1.703279E+0
2024/10/13  09:39:09.984331	-1.703279E+0
2024/10/13  09:39:09.984381	-1.788681E+0
2024/10/13  09:39:09.984431	-1.703279E+0
2024/10/13  09:39:09.984481	-1.874083E+0
2024/10/13  09:39:09.984531	-1.788681E+0
2024/10/13  09:39:09.984581	-1.874083E+0
2024/10/13  09:39:09.984631	-1.874083E+0
2024/10/13  09:39:09.984681	-1.874083E+0
2024/10/13  09:39:09.984731	-1.874083E+0
2024/10/13  09:39:09.984781	-1.959485E+0
2024/10/13  09:39:09.984831	-1.874083E+0
2024/10/13  09:39:09.984881	-1.959485E+0
2024/10/13  09:39:09.984931	-1.959485E+0
2024/10/13  09:39:09.984981	-1.959485E+0
2024/10/13  09:39:09.985031	-2.044887E+0
2024/10/13  09:39:09.985081	-1.959485E+0
2024/10/13  09:39:09.985131	-2.044887E+0
2024/10/13  09:39:09.985181	-1.959485E+0
2024/10/13  09:39:09.985231	-2.044887E+0
2024/10/13  09:39:09.985281	-1.959485E+0
2024/10/13  09:39:09.985331	-2.044887E+0
2024/10/13  09:39:09.985381	-1.959485E+0
2024/10/13  09:39:09.985431	-2.044887E+0
2024/10/13  09:39:09.985481	-1.959485E+0
2024/10/13  09:39:09.985531	-1.959485E+0
2024/10/13  09:39:09.985581	-1.874083E+0
2024/10/13  09:39:09.985631	-1.874083E+0
2024/10/13  09:39:09.985681	-1.874083E+0
2024/10/13  09:39:09.985731	-1.874083E+0
2024/10/13  09:39:09.985781	-1.874083E+0
2024/10/13  09:39:09.985831	-1.874083E+0
2024/10/13  09:39:09.985881	-1.788681E+0
2024/10/13  09:39:09.985931	-1.788681E+0
2024/10/13  09:39:09.985981	-1.788681E+0
2024/10/13  09:39:09.986031	-1.703279E+0
2024/10/13  09:39:09.986081	-1.703279E+0
2024/10/13  09:39:09.986131	-1.703279E+0
2024/10/13  09:39:09.986181	-1.617877E+0
2024/10/13  09:39:09.986231	-1.617877E+0
2024/10/13  09:39:09.986281	-1.532475E+0
2024/10/13  09:39:09.986331	-1.532475E+0
2024/10/13  09:39:09.986381	-1.447073E+0
2024/10/13  09:39:09.986431	-1.447073E+0
2024/10/13  09:39:09.986481	-1.361671E+0
2024/10/13  09:39:09.986531	-1.361671E+0
2024/10/13  09:39:09.986581	-1.276269E+0
2024/10/13  09:39:09.986631	-1.276269E+0
2024/10/13  09:39:09.986681	-1.190867E+0
2024/10/13  09:39:09.986731	-1.190867E+0
2024/10/13  09:39:09.986781	-1.105465E+0
2024/10/13  09:39:09.986831	-1.020063E+0
2024/10/13  09:39:09.986881	-9.346610E-1
2024/10/13  09:39:09.986931	-9.346610E-1
2024/10/13  09:39:09.986981	-8.492590E-1
2024/10/13  09:39:09.987031	-8.492590E-1
2024/10/13  09:39:09.987081	-7.638570E-1
2024/10/13  09:39:09.987131	-6.784550E-1
2024/10/13  09:39:09.987181	-5.930530E-1
2024/10/13  09:39:09.987231	-5.930530E-1
2024/10/13  09:39:09.987281	-5.076510E-1
2024/10/13  09:39:09.987331	-4.222490E-1
2024/10/13  09:39:09.987381	-3.368471E-1
2024/10/13  09:39:09.987431	-3.368471E-1
2024/10/13  09:39:09.987481	-2.514451E-1
2024/10/13  09:39:09.987531	-2.514451E-1
2024/10/13  09:39:09.987581	-1.660431E-1
2024/10/13  09:39:09.987631	-8.064106E-2
2024/10/13  09:39:09.987681	4.760937E-3
2024/10/13  09:39:09.987731	4.760937E-3
2024/10/13  09:39:09.987781	1.755649E-1
2024/10/13  09:39:09.987831	1.755649E-1
2024/10/13  09:39:09.987881	1.755649E-1
2024/10/13  09:39:09.987931	2.609669E-1
2024/10/13  09:39:09.987981	3.463689E-1
2024/10/13  09:39:09.988031	3.463689E-1
2024/10/13  09:39:09.988081	5.171729E-1
2024/10/13  09:39:09.988131	5.171729E-1
2024/10/13  09:39:09.988181	6.025749E-1
2024/10/13  09:39:09.988231	6.025749E-1
2024/10/13  09:39:09.988281	6.879769E-1
2024/10/13  09:39:09.988331	6.879769E-1
2024/10/13  09:39:09.988381	8.587809E-1
2024/10/13  09:39:09.988431	8.587809E-1
2024/10/13  09:39:09.988481	9.441829E-1
2024/10/13  09:39:09.988531	9.441829E-1
2024/10/13  09:39:09.988581	1.029585E+0
2024/10/13  09:39:09.988631	1.029585E+0
2024/10/13  09:39:09.988681	1.200389E+0
2024/10/13  09:39:09.988731	1.200389E+0
2024/10/13  09:39:09.988781	1.285791E+0
2024/10/13  09:39:09.988831	1.285791E+0
2024/10/13  09:39:09.988881	1.371193E+0
2024/10/13  09:39:09.988931	1.371193E+0
2024/10/13  09:39:09.988981	1.456595E+0
2024/10/13  09:39:09.989031	1.456595E+0
2024/10/13  09:39:09.989081	1.541997E+0
2024/10/13  09:39:09.989131	1.541997E+0
2024/10/13  09:39:09.989181	1.627399E+0
2024/10/13  09:39:09.989231	1.627399E+0
2024/10/13  09:39:09.989281	1.712801E+0
2024/10/13  09:39:09.989331	1.712801E+0
2024/10/13  09:39:09.989381	1.798203E+0
2024/10/13  09:39:09.989431	1.712801E+0
2024/10/13  09:39:09.989481	1.883605E+0
2024/10/13  09:39:09.989531	1.883605E+0
2024/10/13  09:39:09.989581	1.883605E+0
2024/10/13  09:39:09.989631	1.883605E+0
2024/10/13  09:39:09.989681	1.969007E+0
2024/10/13  09:39:09.989731	1.883605E+0
2024/10/13  09:39:09.989781	1.969007E+0
2024/10/13  09:39:09.989831	1.969007E+0
2024/10/13  09:39:09.989881	1.969007E+0
2024/10/13  09:39:09.989931	1.969007E+0
2024/10/13  09:39:09.989981	1.969007E+0
2024/10/13  09:39:09.990031	1.969007E+0
2024/10/13  09:39:09.990081	1.969007E+0
2024/10/13  09:39:09.990131	1.969007E+0
2024/10/13  09:39:09.990181	2.054409E+0
2024/10/13  09:39:09.990231	2.054409E+0
2024/10/13  09:39:09.990281	2.054409E+0
2024/10/13  09:39:09.990331	2.054409E+0
2024/10/13  09:39:09.990381	1.969007E+0
2024/10/13  09:39:09.990431	1.969007E+0
2024/10/13  09:39:09.990481	1.969007E+0
2024/10/13  09:39:09.990531	1.969007E+0
2024/10/13  09:39:09.990581	1.969007E+0
2024/10/13  09:39:09.990631	1.969007E+0
2024/10/13  09:39:09.990681	1.883605E+0
2024/10/13  09:39:09.990731	1.969007E+0
2024/10/13  09:39:09.990781	1.883605E+0
2024/10/13  09:39:09.990831	1.883605E+0
2024/10/13  09:39:09.990881	1.883605E+0
2024/10/13  09:39:09.990931	1.883605E+0
2024/10/13  09:39:09.990981	1.712801E+0
2024/10/13  09:39:09.991031	1.712801E+0
2024/10/13  09:39:09.991081	1.712801E+0
2024/10/13  09:39:09.991131	1.712801E+0
2024/10/13  09:39:09.991181	1.627399E+0
2024/10/13  09:39:09.991231	1.627399E+0
2024/10/13  09:39:09.991281	1.541997E+0
2024/10/13  09:39:09.991331	1.541997E+0
2024/10/13  09:39:09.991381	1.541997E+0
2024/10/13  09:39:09.991431	1.456595E+0
2024/10/13  09:39:09.991481	1.371193E+0
2024/10/13  09:39:09.991531	1.371193E+0
2024/10/13  09:39:09.991581	1.285791E+0
2024/10/13  09:39:09.991631	1.285791E+0
2024/10/13  09:39:09.991681	1.200389E+0
2024/10/13  09:39:09.991731	1.200389E+0
2024/10/13  09:39:09.991781	1.114987E+0
2024/10/13  09:39:09.991831	1.029585E+0
2024/10/13  09:39:09.991881	9.441829E-1
2024/10/13  09:39:09.991931	9.441829E-1
2024/10/13  09:39:09.991981	8.587809E-1
2024/10/13  09:39:09.992031	8.587809E-1
2024/10/13  09:39:09.992081	7.733789E-1
2024/10/13  09:39:09.992131	7.733789E-1
2024/10/13  09:39:09.992181	6.025749E-1
2024/10/13  09:39:09.992231	6.879769E-1
2024/10/13  09:39:09.992281	5.171729E-1
2024/10/13  09:39:09.992331	5.171729E-1
2024/10/13  09:39:09.992381	3.463689E-1
2024/10/13  09:39:09.992431	4.317709E-1
2024/10/13  09:39:09.992481	1.755649E-1
2024/10/13  09:39:09.992531	2.609669E-1
2024/10/13  09:39:09.992581	9.016293E-2
2024/10/13  09:39:09.992631	9.016293E-2
2024/10/13  09:39:09.992681	4.760937E-3
2024/10/13  09:39:09.992731	4.760937E-3
2024/10/13  09:39:09.992781	-8.064106E-2
2024/10/13  09:39:09.992831	-1.660431E-1
2024/10/13  09:39:09.992881	-2.514451E-1
2024/10/13  09:39:09.992931	-2.514451E-1
2024/10/13  09:39:09.992981	-4.222490E-1
2024/10/13  09:39:09.993031	-3.368471E-1
2024/10/13  09:39:09.993081	-5.076510E-1
2024/10/13  09:39:09.993131	-5.076510E-1
2024/10/13  09:39:09.993181	-5.930530E-1
2024/10/13  09:39:09.993231	-5.930530E-1
2024/10/13  09:39:09.993281	-7.638570E-1
2024/10/13  09:39:09.993331	-7.638570E-1
2024/10/13  09:39:09.993381	-8.492590E-1
2024/10/13  09:39:09.993431	-8.492590E-1
2024/10/13  09:39:09.993481	-9.346610E-1
2024/10/13  09:39:09.993531	-9.346610E-1
2024/10/13  09:39:09.993581	-1.105465E+0
2024/10/13  09:39:09.993631	-1.105465E+0
2024/10/13  09:39:09.993681	-1.190867E+0
2024/10/13  09:39:09.993731	-1.190867E+0
2024/10/13  09:39:09.993781	-1.276269E+0
2024/10/13  09:39:09.993831	-1.276269E+0
2024/10/13  09:39:09.993881	-1.361671E+0
2024/10/13  09:39:09.993931	-1.361671E+0
2024/10/13  09:39:09.993981	-1.447073E+0
2024/10/13  09:39:09.994031	-1.447073E+0
2024/10/13  09:39:09.994081	-1.532475E+0
2024/10/13  09:39:09.994131	-1.532475E+0
2024/10/13  09:39:09.994181	-1.617877E+0
2024/10/13  09:39:09.994231	-1.617877E+0
2024/10/13  09:39:09.994281	-1.703279E+0
2024/10/13  09:39:09.994331	-1.703279E+0
2024/10/13  09:39:09.994381	-1.788681E+0
2024/10/13  09:39:09.994431	-1.788681E+0
2024/10/13  09:39:09.994481	-1.788681E+0
2024/10/13  09:39:09.994531	-1.788681E+0
2024/10/13  09:39:09.994581	-1.874083E+0
2024/10/13  09:39:09.994631	-1.874083E+0
2024/10/13  09:39:09.994681	-1.874083E+0
2024/10/13  09:39:09.994731	-1.874083E+0
2024/10/13  09:39:09.994781	-1.959485E+0
2024/10/13  09:39:09.994831	-1.874083E+0
2024/10/13  09:39:09.994881	-1.959485E+0
2024/10/13  09:39:09.994931	-1.959485E+0
2024/10/13  09:39:09.994981	-1.959485E+0
2024/10/13  09:39:09.995031	-2.044887E+0
2024/10/13  09:39:09.995081	-1.959485E+0
2024/10/13  09:39:09.995131	-1.959485E+0
2024/10/13  09:39:09.995181	-2.044887E+0
2024/10/13  09:39:09.995231	-2.044887E+0
2024/10/13  09:39:09.995281	-1.959485E+0
2024/10/13  09:39:09.995331	-2.044887E+0
2024/10/13  09:39:09.995381	-2.044887E+0
2024/10/13  09:39:09.995431	-1.959485E+0
2024/10/13  09:39:09.995481	-1.959485E+0
2024/10/13  09:39:09.995531	-1.959485E+0
2024/10/13  09:39:09.995581	-1.959485E+0
2024/10/13  09:39:09.995631	-1.959485E+0
2024/10/13  09:39:09.995681	-1.874083E+0
2024/10/13  09:39:09.995731	-1.874083E+0
2024/10/13  09:39:09.995781	-1.874083E+0
2024/10/13  09:39:09.995831	-1.874083E+0
2024/10/13  09:39:09.995881	-1.788681E+0
2024/10/13  09:39:09.995931	-1.788681E+0
2024/10/13  09:39:09.995981	-1.703279E+0
2024/10/13  09:39:09.996031	-1.788681E+0
2024/10/13  09:39:09.996081	-1.703279E+0
2024/10/13  09:39:09.996131	-1.703279E+0
2024/10/13  09:39:09.996181	-1.532475E+0
2024/10/13  09:39:09.996231	-1.617877E+0
2024/10/13  09:39:09.996281	-1.532475E+0
2024/10/13  09:39:09.996331	-1.532475E+0
2024/10/13  09:39:09.996381	-1.447073E+0
2024/10/13  09:39:09.996431	-1.447073E+0
2024/10/13  09:39:09.996481	-1.361671E+0
2024/10/13  09:39:09.996531	-1.361671E+0
2024/10/13  09:39:09.996581	-1.276269E+0
2024/10/13  09:39:09.996631	-1.190867E+0
2024/10/13  09:39:09.996681	-1.190867E+0
2024/10/13  09:39:09.996731	-1.190867E+0
2024/10/13  09:39:09.996781	-1.105465E+0
2024/10/13  09:39:09.996831	-1.105465E+0
2024/10/13  09:39:09.996881	-9.346610E-1
2024/10/13  09:39:09.996931	-1.020063E+0
2024/10/13  09:39:09.996981	-8.492590E-1
2024/10/13  09:39:09.997031	-8.492590E-1
2024/10/13  09:39:09.997081	-7.638570E-1
2024/10/13  09:39:09.997131	-7.638570E-1
2024/10/13  09:39:09.997181	-6.784550E-1
2024/10/13  09:39:09.997231	-6.784550E-1
2024/10/13  09:39:09.997281	-5.076510E-1
2024/10/13  09:39:09.997331	-5.076510E-1
2024/10/13  09:39:09.997381	-3.368471E-1
2024/10/13  09:39:09.997431	-4.222490E-1
2024/10/13  09:39:09.997481	-2.514451E-1
2024/10/13  09:39:09.997531	-1.660431E-1
2024/10/13  09:39:09.997581	-1.660431E-1
2024/10/13  09:39:09.997631	-8.064106E-2
2024/10/13  09:39:09.997681	4.760937E-3
2024/10/13  09:39:09.997731	4.760937E-3
2024/10/13  09:39:09.997781	1.755649E-1
2024/10/13  09:39:09.997831	1.755649E-1
2024/10/13  09:39:09.997881	2.609669E-1
2024/10/13  09:39:09.997931	2.609669E-1
2024/10/13  09:39:09.997981	3.463689E-1
2024/10/13  09:39:09.998031	3.463689E-1
2024/10/13  09:39:09.998081	5.171729E-1
2024/10/13  09:39:09.998131	5.171729E-1
2024/10/13  09:39:09.998181	6.025749E-1
2024/10/13  09:39:09.998231	6.025749E-1
2024/10/13  09:39:09.998281	7.733789E-1
2024/10/13  09:39:09.998331	6.879769E-1
2024/10/13  09:39:09.998381	8.587809E-1
2024/10/13  09:39:09.998431	8.587809E-1
2024/10/13  09:39:09.998481	1.029585E+0
2024/10/13  09:39:09.998531	1.029585E+0
2024/10/13  09:39:09.998581	1.114987E+0
2024/10/13  09:39:09.998631	1.029585E+0
2024/10/13  09:39:09.998681	1.200389E+0
2024/10/13  09:39:09.998731	1.200389E+0
2024/10/13  09:39:09.998781	1.285791E+0
2024/10/13  09:39:09.998831	1.285791E+0
2024/10/13  09:39:09.998881	1.371193E+0
2024/10/13  09:39:09.998931	1.371193E+0
2024/10/13  09:39:09.998981	1.456595E+0
2024/10/13  09:39:09.999031	1.541997E+0
2024/10/13  09:39:09.999081	1.541997E+0
2024/10/13  09:39:09.999131	1.541997E+0
2024/10/13  09:39:09.999181	1.627399E+0
2024/10/13  09:39:09.999231	1.627399E+0
2024/10/13  09:39:09.999281	1.712801E+0
2024/10/13  09:39:09.999331	1.627399E+0
2024/10/13  09:39:09.999381	1.798203E+0
2024/10/13  09:39:09.999431	1.712801E+0
2024/10/13  09:39:09.999481	1.883605E+0
2024/10/13  09:39:09.999531	1.883605E+0
2024/10/13  09:39:09.999581	1.883605E+0
2024/10/13  09:39:09.999631	1.883605E+0
2024/10/13  09:39:09.999681	1.969007E+0
2024/10/13  09:39:09.999731	1.969007E+0
2024/10/13  09:39:09.999781	1.969007E+0
2024/10/13  09:39:09.999831	1.969007E+0
2024/10/13  09:39:09.999881	1.969007E+0
2024/10/13  09:39:09.999931	1.969007E+0
2024/10/13  09:39:09.999981	1.969007E+0
2024/10/13  09:39:10.000031	1.969007E+0
2024/10/13  09:39:10.000081	1.969007E+0
2024/10/13  09:39:10.000131	2.054409E+0
2024/10/13  09:39:10.000181	2.054409E+0
2024/10/13  09:39:10.000231	1.969007E+0
2024/10/13  09:39:10.000281	1.969007E+0
2024/10/13  09:39:10.000331	2.054409E+0
2024/10/13  09:39:10.000381	1.969007E+0
2024/10/13  09:39:10.000431	1.969007E+0
2024/10/13  09:39:10.000481	1.969007E+0
2024/10/13  09:39:10.000531	1.969007E+0
2024/10/13  09:39:10.000581	1.969007E+0
2024/10/13  09:39:10.000631	1.969007E+0
2024/10/13  09:39:10.000681	1.969007E+0
2024/10/13  09:39:10.000731	1.883605E+0
2024/10/13  09:39:10.000781	1.883605E+0
2024/10/13  09:39:10.000831	1.883605E+0
2024/10/13  09:39:10.000881	1.883605E+0
2024/10/13  09:39:10.000931	1.798203E+0
2024/10/13  09:39:10.000981	1.712801E+0
2024/10/13  09:39:10.001031	1.798203E+0
2024/10/13  09:39:10.001081	1.712801E+0
2024/10/13  09:39:10.001131	1.712801E+0
2024/10/13  09:39:10.001181	1.627399E+0
2024/10/13  09:39:10.001231	1.627399E+0
2024/10/13  09:39:10.001281	1.541997E+0
2024/10/13  09:39:10.001331	1.541997E+0
2024/10/13  09:39:10.001381	1.456595E+0
2024/10/13  09:39:10.001431	1.456595E+0
2024/10/13  09:39:10.001481	1.371193E+0
2024/10/13  09:39:10.001531	1.371193E+0
2024/10/13  09:39:10.001581	1.285791E+0
2024/10/13  09:39:10.001631	1.285791E+0
2024/10/13  09:39:10.001681	1.200389E+0
2024/10/13  09:39:10.001731	1.200389E+0
2024/10/13  09:39:10.001781	1.114987E+0
2024/10/13  09:39:10.001831	1.029585E+0
2024/10/13  09:39:10.001881	9.441829E-1
2024/10/13  09:39:10.001931	9.441829E-1
2024/10/13  09:39:10.001981	8.587809E-1
2024/10/13  09:39:10.002031	8.587809E-1
2024/10/13  09:39:10.002081	7.733789E-1
2024/10/13  09:39:10.002131	6.879769E-1
2024/10/13  09:39:10.002181	6.025749E-1
2024/10/13  09:39:10.002231	6.025749E-1
2024/10/13  09:39:10.002281	5.171729E-1
2024/10/13  09:39:10.002331	5.171729E-1
2024/10/13  09:39:10.002381	3.463689E-1
2024/10/13  09:39:10.002431	3.463689E-1
2024/10/13  09:39:10.002481	2.609669E-1
2024/10/13  09:39:10.002531	2.609669E-1
2024/10/13  09:39:10.002581	1.755649E-1
2024/10/13  09:39:10.002631	9.016293E-2
2024/10/13  09:39:10.002681	4.760937E-3
2024/10/13  09:39:10.002731	4.760937E-3
2024/10/13  09:39:10.002781	-8.064106E-2
2024/10/13  09:39:10.002831	-1.660431E-1
2024/10/13  09:39:10.002881	-2.514451E-1
2024/10/13  09:39:10.002931	-2.514451E-1
2024/10/13  09:39:10.002981	-3.368471E-1
2024/10/13  09:39:10.003031	-3.368471E-1
2024/10/13  09:39:10.003081	-5.076510E-1
2024/10/13  09:39:10.003131	-5.076510E-1
2024/10/13  09:39:10.003181	-5.930530E-1
2024/10/13  09:39:10.003231	-5.930530E-1
2024/10/13  09:39:10.003281	-6.784550E-1
2024/10/13  09:39:10.003331	-7.638570E-1
2024/10/13  09:39:10.003381	-8.492590E-1
2024/10/13  09:39:10.003431	-8.492590E-1
2024/10/13  09:39:10.003481	-1.020063E+0
2024/10/13  09:39:10.003531	-9.346610E-1
2024/10/13  09:39:10.003581	-1.105465E+0
2024/10/13  09:39:10.003631	-1.020063E+0
2024/10/13  09:39:10.003681	-1.190867E+0
2024/10/13  09:39:10.003731	-1.190867E+0
2024/10/13  09:39:10.003781	-1.276269E+0
2024/10/13  09:39:10.003831	-1.276269E+0
2024/10/13  09:39:10.003881	-1.361671E+0
2024/10/13  09:39:10.003931	-1.361671E+0
2024/10/13  09:39:10.003981	-1.447073E+0
2024/10/13  09:39:10.004031	-1.447073E+0
2024/10/13  09:39:10.004081	-1.532475E+0
2024/10/13  09:39:10.004131	-1.532475E+0
2024/10/13  09:39:10.004181	-1.617877E+0
2024/10/13  09:39:10.004231	-1.617877E+0
2024/10/13  09:39:10.004281	-1.703279E+0
2024/10/13  09:39:10.004331	-1.703279E+0
2024/10/13  09:39:10.004381	-1.703279E+0
2024/10/13  09:39:10.004431	-1.788681E+0
2024/10/13  09:39:10.004481	-1.874083E+0
2024/10/13  09:39:10.004531	-1.788681E+0
2024/10/13  09:39:10.004581	-1.874083E+0
2024/10/13  09:39:10.004631	-1.874083E+0
2024/10/13  09:39:10.004681	-1.874083E+0
2024/10/13  09:39:10.004731	-1.874083E+0
2024/10/13  09:39:10.004781	-1.874083E+0
2024/10/13  09:39:10.004831	-1.959485E+0
2024/10/13  09:39:10.004881	-1.959485E+0
2024/10/13  09:39:10.004931	-1.959485E+0
2024/10/13  09:39:10.004981	-2.044887E+0
2024/10/13  09:39:10.005031	-1.959485E+0
2024/10/13  09:39:10.005081	-2.044887E+0
2024/10/13  09:39:10.005131	-1.959485E+0
2024/10/13  09:39:10.005181	-2.044887E+0
2024/10/13  09:39:10.005231	-2.044887E+0
2024/10/13  09:39:10.005281	-2.044887E+0
2024/10/13  09:39:10.005331	-1.959485E+0
2024/10/13  09:39:10.005381	-1.959485E+0
2024/10/13  09:39:10.005431	-2.044887E+0
2024/10/13  09:39:10.005481	-1.959485E+0
2024/10/13  09:39:10.005531	-2.044887E+0
2024/10/13  09:39:10.005581	-1.959485E+0
2024/10/13  09:39:10.005631	-1.874083E+0
2024/10/13  09:39:10.005681	-1.874083E+0
2024/10/13  09:39:10.005731	-1.874083E+0
2024/10/13  09:39:10.005781	-1.874083E+0
2024/10/13  09:39:10.005831	-1.874083E+0
2024/10/13  09:39:10.005881	-1.788681E+0
2024/10/13  09:39:10.005931	-1.788681E+0
2024/10/13  09:39:10.005981	-1.703279E+0
2024/10/13  09:39:10.006031	-1.788681E+0
2024/10/13  09:39:10.006081	-1.703279E+0
2024/10/13  09:39:10.006131	-1.703279E+0
2024/10/13  09:39:10.006181	-1.617877E+0
2024/10/13  09:39:10.006231	-1.617877E+0
2024/10/13  09:39:10.006281	-1.532475E+0
2024/10/13  09:39:10.006331	-1.532475E+0
2024/10/13  09:39:10.006381	-1.447073E+0
2024/10/13  09:39:10.006431	-1.447073E+0
2024/10/13  09:39:10.006481	-1.361671E+0
2024/10/13  09:39:10.006531	-1.361671E+0
2024/10/13  09:39:10.006581	-1.276269E+0
2024/10/13  09:39:10.006631	-1.276269E+0
2024/10/13  09:39:10.006681	-1.190867E+0
2024/10/13  09:39:10.006731	-1.190867E+0
2024/10/13  09:39:10.006781	-1.105465E+0
2024/10/13  09:39:10.006831	-1.020063E+0
2024/10/13  09:39:10.006881	-9.346610E-1
2024/10/13  09:39:10.006931	-9.346610E-1
2024/10/13  09:39:10.006981	-8.492590E-1
2024/10/13  09:39:10.007031	-8.492590E-1
2024/10/13  09:39:10.007081	-6.784550E-1
2024/10/13  09:39:10.007131	-7.638570E-1
2024/10/13  09:39:10.007181	-5.930530E-1
2024/10/13  09:39:10.007231	-6.784550E-1
2024/10/13  09:39:10.007281	-5.076510E-1
2024/10/13  09:39:10.007331	-5.076510E-1
2024/10/13  09:39:10.007381	-3.368471E-1
2024/10/13  09:39:10.007431	-4.222490E-1
2024/10/13  09:39:10.007481	-2.514451E-1
2024/10/13  09:39:10.007531	-2.514451E-1
2024/10/13  09:39:10.007581	-8.064106E-2
2024/10/13  09:39:10.007631	-1.660431E-1
2024/10/13  09:39:10.007681	4.760937E-3
2024/10/13  09:39:10.007731	4.760937E-3
2024/10/13  09:39:10.007781	1.755649E-1
2024/10/13  09:39:10.007831	1.755649E-1
2024/10/13  09:39:10.007881	2.609669E-1
2024/10/13  09:39:10.007931	2.609669E-1
2024/10/13  09:39:10.007981	4.317709E-1
2024/10/13  09:39:10.008031	3.463689E-1
2024/10/13  09:39:10.008081	5.171729E-1
2024/10/13  09:39:10.008131	5.171729E-1
2024/10/13  09:39:10.008181	6.025749E-1
2024/10/13  09:39:10.008231	6.025749E-1
2024/10/13  09:39:10.008281	6.879769E-1
2024/10/13  09:39:10.008331	7.733789E-1
2024/10/13  09:39:10.008381	8.587809E-1
2024/10/13  09:39:10.008431	8.587809E-1
2024/10/13  09:39:10.008481	9.441829E-1
2024/10/13  09:39:10.008531	9.441829E-1
2024/10/13  09:39:10.008581	1.114987E+0
2024/10/13  09:39:10.008631	1.114987E+0
2024/10/13  09:39:10.008681	1.200389E+0
2024/10/13  09:39:10.008731	1.200389E+0
2024/10/13  09:39:10.008781	1.285791E+0
2024/10/13  09:39:10.008831	1.285791E+0
2024/10/13  09:39:10.008881	1.371193E+0
2024/10/13  09:39:10.008931	1.371193E+0
2024/10/13  09:39:10.008981	1.456595E+0
2024/10/13  09:39:10.009031	1.456595E+0
2024/10/13  09:39:10.009081	1.541997E+0
2024/10/13  09:39:10.009131	1.541997E+0
2024/10/13  09:39:10.009181	1.627399E+0
2024/10/13  09:39:10.009231	1.627399E+0
2024/10/13  09:39:10.009281	1.712801E+0
2024/10/13  09:39:10.009331	1.712801E+0
2024/10/13  09:39:10.009381	1.712801E+0
2024/10/13  09:39:10.009431	1.712801E+0
2024/10/13  09:39:10.009481	1.883605E+0
2024/10/13  09:39:10.009531	1.798203E+0
2024/10/13  09:39:10.009581	1.883605E+0
2024/10/13  09:39:10.009631	1.883605E+0
2024/10/13  09:39:10.009681	1.969007E+0
2024/10/13  09:39:10.009731	1.883605E+0
2024/10/13  09:39:10.009781	1.969007E+0
2024/10/13  09:39:10.009831	1.969007E+0
2024/10/13  09:39:10.009881	1.969007E+0
2024/10/13  09:39:10.009931	1.969007E+0
2024/10/13  09:39:10.009981	1.969007E+0

FFT waveform
Units: dBVrms
0.000000	-41.514107
25.000000	-57.090262
50.000000	-55.315745
75.000000	-56.086054
100.000000	3.029713
125.000000	-59.526281
150.000000	-60.544441
175.000000	-59.000650
200.000000	-49.713937
225.000000	-59.350115
250.000000	-56.138081
275.000000	-56.212122
300.000000	-48.124529
325.000000	-56.006597
350.000000	-59.377275
375.000000	-57.420217
400.000000	-52.844844
425.000000	-55.755641
450.000000	-55.883366
475.000000	-58.227571
500.000000	-53.400243
525.000000	-58.208476
550.000000	-56.233241
575.000000	-56.903406
600.000000	-47.568376
625.000000	-55.913371
650.000000	-58.124775
675.000000	-57.806359
700.000000	-53.728967
725.000000	-58.978738
750.000000	-58.289337
775.000000	-58.809396
800.000000	-52.469191
825.000000	-57.407176
850.000000	-56.433438
875.000000	-54.704265
900.000000	-53.325174
925.000000	-58.360154
950.000000	-58.401607
975.000000	-57.145584
1000.000000	-50.620906
1025.000000	-58.378841
1050.000000	-58.103657
1075.000000	-56.453213
1100.000000	-58.394300
1125.000000	-56.569666
1150.000000	-55.458382
1175.000000	-58.360148
1200.000000	-48.938085
1225.000000	-59.879974
1250.000000	-58.764572
1275.000000	-57.824037
1300.000000	-49.874768
1325.000000	-56.264051
1350.000000	-56.327482
1375.000000	-60.218934
1400.000000	-53.445296
1425.000000	-56.320874
1450.000000	-58.803797
1475.000000	-57.662167
1500.000000	-51.188503
1525.000000	-56.703931
1550.000000	-56.462152
1575.000000	-56.526687
1600.000000	-51.752362
1625.000000	-53.660354
1650.000000	-55.583261
1675.000000	-58.061934
1700.000000	-55.578442
1725.000000	-58.640609
1750.000000	-58.753342
1775.000000	-59.774803
1800.000000	-53.558947
1825.000000	-57.422135
1850.000000	-57.021573
1875.000000	-56.965639
1900.000000	-53.515163
1925.000000	-56.219732
1950.000000	-54.816684
1975.000000	-55.813011
2000.000000	-52.120608
2025.000000	-54.009242
2050.000000	-56.027988
2075.000000	-58.714027
2100.000000	-52.189776
2125.000000	-57.179030
2150.000000	-60.402530
2175.000000	-59.199402
2200.000000	-57.746303
2225.000000	-57.545572
2250.000000	-56.436265
2275.000000	-54.960357
2300.000000	-54.731743
2325.000000	-57.992586
2350.000000	-55.793561
2375.000000	-57.374251
2400.000000	-53.078259
2425.000000	-54.490933
2450.000000	-58.955597
2475.000000	-57.654857
2500.000000	-56.781275
2525.000000	-60.787738
2550.000000	-54.972296
2575.000000	-56.814959
2600.000000	-54.318961
2625.000000	-57.720712
2650.000000	-58.975054
2675.000000	-57.764083
2700.000000	-56.057862
2725.000000	-58.253698
2750.000000	-56.733363
2775.000000	-57.596168
2800.000000	-54.270220
2825.000000	-55.528270
2850.000000	-59.329063
2875.000000	-59.076028
2900.000000	-50.377893
2925.000000	-57.253837
2950.000000	-56.405807
2975.000000	-57.563333
3000.000000	-55.180787
3025.000000	-56.668490
3050.000000	-58.704420
3075.000000	-55.141278
3100.000000	-53.289130
3125.000000	-56.933546
3150.000000	-57.920906
3175.000000	-59.505595
3200.000000	-53.537841
3225.000000	-56.701902
3250.000000	-57.604021
3275.000000	-56.512402
3300.000000	-47.399070
3325.000000	-57.870821
3350.000000	-55.793906
3375.000000	-57.091377
3400.000000	-55.025324
3425.000000	-55.338639
3450.000000	-57.677400
3475.000000	-55.934237
3500.000000	-55.896553
3525.000000	-55.867873
3550.000000	-56.587508
3575.000000	-58.605968
3600.000000	-48.336154
3625.000000	-58.085319
3650.000000	-57.707673
3675.000000	-54.616167
3700.000000	-49.619726
3725.000000	-56.610108
3750.000000	-60.702060
3775.000000	-57.734499
3800.000000	-55.502776
3825.000000	-58.189996
3850.000000	-55.930802
3875.000000	-57.857680
3900.000000	-56.232754
3925.000000	-56.259267
3950.000000	-57.053450
3975.000000	-58.199042
4000.000000	-56.784759
4025.000000	-58.801817
4050.000000	-56.624080
4075.000000	-56.924101
4100.000000	-56.485995
4125.000000	-54.336198
4150.000000	-58.004119
4175.000000	-56.897213
4200.000000	-49.593694
4225.000000	-57.616685
4250.000000	-56.197851
4275.000000	-55.720133
4300.000000	-53.011599
4325.000000	-60.543755
4350.000000	-57.433247
4375.000000	-58.967874
4400.000000	-55.241521
4425.000000	-57.357649
4450.000000	-55.178888
4475.000000	-56.112878
4500.000000	-54.773313
4525.000000	-55.777371
4550.000000	-59.820332
4575.000000	-58.368469
4600.000000	-53.854052
4625.000000	-55.038692
4650.000000	-56.838669
4675.000000	-57.459226
4700.000000	-53.648663
4725.000000	-57.131437
4750.000000	-55.178629
4775.000000	-54.678374
4800.000000	-53.570611
4825.000000	-59.092448
4850.000000	-57.033121
4875.000000	-54.980487
4900.000000	-52.595512
4925.000000	-57.085901
4950.000000	-55.983445
4975.000000	-59.757026
5000.000000	-55.605525
5025.000000	-58.529542
5050.000000	-54.397032
5075.000000	-58.176942
5100.000000	-55.619600
5125.000000	-57.005956
5150.000000	-54.176133
5175.000000	-56.603333
5200.000000	-55.545537
5225.000000	-57.466778
5250.000000	-58.962401
5275.000000	-59.257970
5300.000000	-54.686651
5325.000000	-57.754454
5350.000000	-59.627452
5375.000000	-55.898576
5400.000000	-60.085226
5425.000000	-57.643970
5450.000000	-57.053816
5475.000000	-57.870504
5500.000000	-55.780633
5525.000000	-58.791905
5550.000000	-54.784490
5575.000000	-57.791612
5600.000000	-54.129832
5625.000000	-55.182277
5650.000000	-58.659768
5675.000000	-57.052505
5700.000000	-52.635378
5725.000000	-56.338185
5750.000000	-57.997620
5775.000000	-58.445623
5800.000000	-52.450294
5825.000000	-57.219255
5850.000000	-55.429240
5875.000000	-56.862406
5900.000000	-53.728699
5925.000000	-57.330161
5950.000000	-57.076466
5975.000000	-57.656863
6000.000000	-56.401953
6025.000000	-57.249729
6050.000000	-57.160636
6075.000000	-57.614340
6100.000000	-59.818317
6125.000000	-58.026848
6150.000000	-57.295356
6175.000000	-57.727772
6200.000000	-56.893589
6225.000000	-54.816869
6250.000000	-56.123309
6275.000000	-57.369997
6300.000000	-52.489995
6325.000000	-56.512992
6350.000000	-59.994706
6375.000000	-55.923367
6400.000000	-50.940119
6425.000000	-58.878007
6450.000000	-55.416739
6475.000000	-55.513844
6500.000000	-57.879077
6525.000000	-58.230099
6550.000000	-57.280153
6575.000000	-57.534884
6600.000000	-59.775604
6625.000000	-55.624396
6650.000000	-56.621659
6675.000000	-59.269582
6700.000000	-50.869389
6725.000000	-57.711585
6750.000000	-57.734514
6775.000000	-56.871129
6800.000000	-57.262287
6825.000000	-54.507587
6850.000000	-57.478938
6875.000000	-57.343004
6900.000000	-58.586901
6925.000000	-57.593155
6950.000000	-57.381813
6975.000000	-58.417492
7000.000000	-54.867745
7025.000000	-57.678244
7050.000000	-57.364719
7075.000000	-54.066181
7100.000000	-55.850050
7125.000000	-55.635098
7150.000000	-56.964523
7175.000000	-56.692490
7200.000000	-54.218832
7225.000000	-57.371058
7250.000000	-58.556021
7275.000000	-58.060489
7300.000000	-57.372193
7325.000000	-58.028373
7350.000000	-56.408755
7375.000000	-56.065725
7400.000000	-58.185909
7425.000000	-55.371030
7450.000000	-59.167253
7475.000000	-58.073110
7500.000000	-56.495735
7525.000000	-60.348757
7550.000000	-56.891035
7575.000000	-54.600282
7600.000000	-57.800093
7625.000000	-57.691929
7650.000000	-55.029677
7675.000000	-55.922257
7700.000000	-56.450897
7725.000000	-57.836628
7750.000000	-57.911773
7775.000000	-59.309201
7800.000000	-59.667303
7825.000000	-57.358190
7850.000000	-56.591212
7875.000000	-58.186071
7900.000000	-59.058865
7925.000000	-57.684519
7950.000000	-55.326215
7975.000000	-57.670492
8000.000000	-56.076059
8025.000000	-56.274233
8050.000000	-57.781644
8075.000000	-57.699605
8100.000000	-55.231484
8125.000000	-55.973852
8150.000000	-56.749283
8175.000000	-59.980676
8200.000000	-57.299893
8225.000000	-58.912673
8250.000000	-56.921948
8275.000000	-57.685510
8300.000000	-59.444610
8325.000000	-58.864490
8350.000000	-58.019028
8375.000000	-57.403465
8400.000000	-56.072752
8425.000000	-55.346332
8450.000000	-55.251721
8475.000000	-57.519598
8500.000000	-57.310804
8525.000000	-56.485628
8550.000000	-55.034127
8575.000000	-58.622722
8600.000000	-57.231792
8625.000000	-55.881745
8650.000000	-59.274482
8675.000000	-57.983328
8700.000000	-54.586182
8725.000000	-59.033227
8750.000000	-55.725594
8775.000000	-56.269313
8800.000000	-55.929185
8825.000000	-56.393400
8850.000000	-53.977246
8875.000000	-58.871865
8900.000000	-57.110216
8925.000000	-56.582978
8950.000000	-55.824473
8975.000000	-60.381026
9000.000000	-57.752472
9025.000000	-54.650153
9050.000000	-56.900171
9075.000000	-57.672362
9100.000000	-57.862883
9125.000000	-56.877934
9150.000000	-54.901932
9175.000000	-55.693045
9200.000000	-57.653764
9225.000000	-56.241707
9250.000000	-57.463924
9275.000000	-57.845011
9300.000000	-57.518280
9325.000000	-57.295360
9350.000000	-57.780459
9375.000000	-60.614757
9400.000000	-58.286565
9425.000000	-56.177377
9450.000000	-58.673566
9475.000000	-56.293216
9500.000000	-56.248424
9525.000000	-56.818320
9550.000000	-57.273026
9575.000000	-56.912397
9600.000000	-58.989869
9625.000000	-54.837299
9650.000000	-57.612638
9675.000000	-57.064446
9700.000000	-58.006553
9725.000000	-58.606917
9750.000000	-56.965717
9775.000000	-57.413654
9800.000000	-57.723254
9825.000000	-58.496455
9850.000000	-57.689365
9875.000000	-59.377372
9900.000000	-32.927860
9925.000000	-57.530617
9950.000000	-59.282606
9975.000000	-59.168306

